[2026-05-15 14:04:25] [ERROR] 转换横断面失败: B1.csv
Exception: 模板文件不存在: E:\杂七杂八\trea项目\xiang\dist\断面数据处理系统\templates\横断面成果表模板.xlsx
[2026-05-15 14:04:25] [ERROR] 转换横断面失败: B2.csv
Exception: 模板文件不存在: E:\杂七杂八\trea项目\xiang\dist\断面数据处理系统\templates\横断面成果表模板.xlsx
[2026-05-15 14:04:25] [ERROR] 转换横断面失败: B3.csv
Exception: 模板文件不存在: E:\杂七杂八\trea项目\xiang\dist\断面数据处理系统\templates\横断面成果表模板.xlsx
[2026-05-15 14:04:25] [ERROR] 转换横断面失败: B4.csv
Exception: 模板文件不存在: E:\杂七杂八\trea项目\xiang\dist\断面数据处理系统\templates\横断面成果表模板.xlsx
[2026-05-15 14:04:25] [ERROR] 转换横断面失败: B5.csv
Exception: 模板文件不存在: E:\杂七杂八\trea项目\xiang\dist\断面数据处理系统\templates\横断面成果表模板.xlsx
[2026-05-15 14:04:25] [ERROR] 转换库容断面失败: K55.csv
Exception: 模板文件不存在: E:\杂七杂八\trea项目\xiang\dist\断面数据处理系统\templates\横断面成果表模板.xlsx
[2026-05-15 14:04:25] [ERROR] 转换库容断面失败: K56.csv
Exception: 模板文件不存在: E:\杂七杂八\trea项目\xiang\dist\断面数据处理系统\templates\横断面成果表模板.xlsx
[2026-05-15 14:04:25] [ERROR] 转换库容断面失败: K58.csv
Exception: 模板文件不存在: E:\杂七杂八\trea项目\xiang\dist\断面数据处理系统\templates\横断面成果表模板.xlsx
[2026-05-15 14:04:25] [ERROR] 转换库容断面失败: K59.csv
Exception: 模板文件不存在: E:\杂七杂八\trea项目\xiang\dist\断面数据处理系统\templates\横断面成果表模板.xlsx
[2026-05-15 14:04:25] [ERROR] 转换横断面失败: Q1.csv
Exception: 模板文件不存在: E:\杂七杂八\trea项目\xiang\dist\断面数据处理系统\templates\横断面成果表模板.xlsx
[2026-05-15 14:04:25] [ERROR] 转换横断面失败: Q2.csv
Exception: 模板文件不存在: E:\杂七杂八\trea项目\xiang\dist\断面数据处理系统\templates\横断面成果表模板.xlsx
[2026-05-15 14:04:25] [ERROR] 转换横断面失败: Q3.csv
Exception: 模板文件不存在: E:\杂七杂八\trea项目\xiang\dist\断面数据处理系统\templates\横断面成果表模板.xlsx
[2026-05-15 14:04:25] [ERROR] 转换横断面失败: Q4.csv
Exception: 模板文件不存在: E:\杂七杂八\trea项目\xiang\dist\断面数据处理系统\templates\横断面成果表模板.xlsx
[2026-05-15 14:04:25] [ERROR] 转换纵断面失败: Z1.csv
Exception: 模板文件不存在: E:\杂七杂八\trea项目\xiang\dist\断面数据处理系统\templates\纵断面模板.xlsx
[2026-05-15 14:04:25] [ERROR] 转换纵断面失败: Z2.csv
Exception: 模板文件不存在: E:\杂七杂八\trea项目\xiang\dist\断面数据处理系统\templates\纵断面模板.xlsx
[2026-05-15 14:05:50] [ERROR] 转换横断面失败: B1.csv
Exception: 模板文件不存在: E:\杂七杂八\trea项目\xiang\dist\断面数据处理系统\templates\横断面成果表模板.xlsx
[2026-05-15 14:05:50] [ERROR] 转换横断面失败: B2.csv
Exception: 模板文件不存在: E:\杂七杂八\trea项目\xiang\dist\断面数据处理系统\templates\横断面成果表模板.xlsx
[2026-05-15 14:05:50] [ERROR] 转换横断面失败: B3.csv
Exception: 模板文件不存在: E:\杂七杂八\trea项目\xiang\dist\断面数据处理系统\templates\横断面成果表模板.xlsx
[2026-05-15 14:05:50] [ERROR] 转换横断面失败: B4.csv
Exception: 模板文件不存在: E:\杂七杂八\trea项目\xiang\dist\断面数据处理系统\templates\横断面成果表模板.xlsx
[2026-05-15 14:05:50] [ERROR] 转换横断面失败: B5.csv
Exception: 模板文件不存在: E:\杂七杂八\trea项目\xiang\dist\断面数据处理系统\templates\横断面成果表模板.xlsx
[2026-05-15 14:05:50] [ERROR] 转换库容断面失败: K55.csv
Exception: 模板文件不存在: E:\杂七杂八\trea项目\xiang\dist\断面数据处理系统\templates\横断面成果表模板.xlsx
[2026-05-15 14:05:50] [ERROR] 转换库容断面失败: K56.csv
Exception: 模板文件不存在: E:\杂七杂八\trea项目\xiang\dist\断面数据处理系统\templates\横断面成果表模板.xlsx
[2026-05-15 14:05:50] [ERROR] 转换库容断面失败: K58.csv
Exception: 模板文件不存在: E:\杂七杂八\trea项目\xiang\dist\断面数据处理系统\templates\横断面成果表模板.xlsx
[2026-05-15 14:05:50] [ERROR] 转换库容断面失败: K59.csv
Exception: 模板文件不存在: E:\杂七杂八\trea项目\xiang\dist\断面数据处理系统\templates\横断面成果表模板.xlsx
[2026-05-15 14:05:50] [ERROR] 转换横断面失败: Q1.csv
Exception: 模板文件不存在: E:\杂七杂八\trea项目\xiang\dist\断面数据处理系统\templates\横断面成果表模板.xlsx
[2026-05-15 14:05:50] [ERROR] 转换横断面失败: Q2.csv
Exception: 模板文件不存在: E:\杂七杂八\trea项目\xiang\dist\断面数据处理系统\templates\横断面成果表模板.xlsx
[2026-05-15 14:05:50] [ERROR] 转换横断面失败: Q3.csv
Exception: 模板文件不存在: E:\杂七杂八\trea项目\xiang\dist\断面数据处理系统\templates\横断面成果表模板.xlsx
[2026-05-15 14:05:50] [ERROR] 转换横断面失败: Q4.csv
Exception: 模板文件不存在: E:\杂七杂八\trea项目\xiang\dist\断面数据处理系统\templates\横断面成果表模板.xlsx
[2026-05-15 14:05:50] [ERROR] 转换纵断面失败: Z1.csv
Exception: 模板文件不存在: E:\杂七杂八\trea项目\xiang\dist\断面数据处理系统\templates\纵断面模板.xlsx
[2026-05-15 14:05:50] [ERROR] 转换纵断面失败: Z2.csv
Exception: 模板文件不存在: E:\杂七杂八\trea项目\xiang\dist\断面数据处理系统\templates\纵断面模板.xlsx
[2026-05-15 14:05:52] [ERROR] 加载对应表数据失败
Exception: 对应表文件不存在: E:\杂七杂八\trea项目\xiang\dist\断面数据处理系统\templates\对应表.xlsm
[2026-05-15 14:05:53] [ERROR] 加载表头数据失败
Exception: 对应表文件不存在: E:\杂七杂八\trea项目\xiang\dist\断面数据处理系统\templates\对应表.xlsm
[2026-05-15 14:13:46] [ERROR] 转换横断面失败: B1.csv
Exception: 模板文件不存在: E:\杂七杂八\trea项目\xiang\dist\断面数据处理系统\templates\横断面成果表模板.xlsx
[2026-05-15 14:13:46] [ERROR] 转换横断面失败: B2.csv
Exception: 模板文件不存在: E:\杂七杂八\trea项目\xiang\dist\断面数据处理系统\templates\横断面成果表模板.xlsx
[2026-05-15 14:13:46] [ERROR] 转换横断面失败: B3.csv
Exception: 模板文件不存在: E:\杂七杂八\trea项目\xiang\dist\断面数据处理系统\templates\横断面成果表模板.xlsx
[2026-05-15 14:13:46] [ERROR] 转换横断面失败: B4.csv
Exception: 模板文件不存在: E:\杂七杂八\trea项目\xiang\dist\断面数据处理系统\templates\横断面成果表模板.xlsx
[2026-05-15 14:13:46] [ERROR] 转换横断面失败: B5.csv
Exception: 模板文件不存在: E:\杂七杂八\trea项目\xiang\dist\断面数据处理系统\templates\横断面成果表模板.xlsx
[2026-05-15 14:13:46] [ERROR] 转换库容断面失败: K55.csv
Exception: 模板文件不存在: E:\杂七杂八\trea项目\xiang\dist\断面数据处理系统\templates\横断面成果表模板.xlsx
[2026-05-15 14:13:46] [ERROR] 转换库容断面失败: K56.csv
Exception: 模板文件不存在: E:\杂七杂八\trea项目\xiang\dist\断面数据处理系统\templates\横断面成果表模板.xlsx
[2026-05-15 14:13:46] [ERROR] 转换库容断面失败: K58.csv
Exception: 模板文件不存在: E:\杂七杂八\trea项目\xiang\dist\断面数据处理系统\templates\横断面成果表模板.xlsx
[2026-05-15 14:13:46] [ERROR] 转换库容断面失败: K59.csv
Exception: 模板文件不存在: E:\杂七杂八\trea项目\xiang\dist\断面数据处理系统\templates\横断面成果表模板.xlsx
[2026-05-15 14:13:46] [ERROR] 转换横断面失败: Q1.csv
Exception: 模板文件不存在: E:\杂七杂八\trea项目\xiang\dist\断面数据处理系统\templates\横断面成果表模板.xlsx
[2026-05-15 14:13:46] [ERROR] 转换横断面失败: Q2.csv
Exception: 模板文件不存在: E:\杂七杂八\trea项目\xiang\dist\断面数据处理系统\templates\横断面成果表模板.xlsx
[2026-05-15 14:13:46] [ERROR] 转换横断面失败: Q3.csv
Exception: 模板文件不存在: E:\杂七杂八\trea项目\xiang\dist\断面数据处理系统\templates\横断面成果表模板.xlsx
[2026-05-15 14:13:46] [ERROR] 转换横断面失败: Q4.csv
Exception: 模板文件不存在: E:\杂七杂八\trea项目\xiang\dist\断面数据处理系统\templates\横断面成果表模板.xlsx
[2026-05-15 14:13:46] [ERROR] 转换纵断面失败: Z1.csv
Exception: 模板文件不存在: E:\杂七杂八\trea项目\xiang\dist\断面数据处理系统\templates\纵断面模板.xlsx
[2026-05-15 14:13:46] [ERROR] 转换纵断面失败: Z2.csv
Exception: 模板文件不存在: E:\杂七杂八\trea项目\xiang\dist\断面数据处理系统\templates\纵断面模板.xlsx
[2026-05-15 14:15:55] [ERROR] 转换横断面失败: B1.csv
Exception: 模板文件不存在: E:\杂七杂八\trea项目\xiang\dist\断面数据处理系统\templates\横断面成果表模板.xlsx
[2026-05-15 14:15:55] [ERROR] 转换横断面失败: B2.csv
Exception: 模板文件不存在: E:\杂七杂八\trea项目\xiang\dist\断面数据处理系统\templates\横断面成果表模板.xlsx
[2026-05-15 14:15:55] [ERROR] 转换横断面失败: B3.csv
Exception: 模板文件不存在: E:\杂七杂八\trea项目\xiang\dist\断面数据处理系统\templates\横断面成果表模板.xlsx
[2026-05-15 14:15:55] [ERROR] 转换横断面失败: B4.csv
Exception: 模板文件不存在: E:\杂七杂八\trea项目\xiang\dist\断面数据处理系统\templates\横断面成果表模板.xlsx
[2026-05-15 14:15:55] [ERROR] 转换横断面失败: B5.csv
Exception: 模板文件不存在: E:\杂七杂八\trea项目\xiang\dist\断面数据处理系统\templates\横断面成果表模板.xlsx
[2026-05-15 14:15:55] [ERROR] 转换库容断面失败: K55.csv
Exception: 模板文件不存在: E:\杂七杂八\trea项目\xiang\dist\断面数据处理系统\templates\横断面成果表模板.xlsx
[2026-05-15 14:15:55] [ERROR] 转换库容断面失败: K56.csv
Exception: 模板文件不存在: E:\杂七杂八\trea项目\xiang\dist\断面数据处理系统\templates\横断面成果表模板.xlsx
[2026-05-15 14:15:55] [ERROR] 转换库容断面失败: K58.csv
Exception: 模板文件不存在: E:\杂七杂八\trea项目\xiang\dist\断面数据处理系统\templates\横断面成果表模板.xlsx
[2026-05-15 14:15:55] [ERROR] 转换库容断面失败: K59.csv
Exception: 模板文件不存在: E:\杂七杂八\trea项目\xiang\dist\断面数据处理系统\templates\横断面成果表模板.xlsx
[2026-05-15 14:15:55] [ERROR] 转换横断面失败: Q1.csv
Exception: 模板文件不存在: E:\杂七杂八\trea项目\xiang\dist\断面数据处理系统\templates\横断面成果表模板.xlsx
[2026-05-15 14:15:55] [ERROR] 转换横断面失败: Q2.csv
Exception: 模板文件不存在: E:\杂七杂八\trea项目\xiang\dist\断面数据处理系统\templates\横断面成果表模板.xlsx
[2026-05-15 14:15:55] [ERROR] 转换横断面失败: Q3.csv
Exception: 模板文件不存在: E:\杂七杂八\trea项目\xiang\dist\断面数据处理系统\templates\横断面成果表模板.xlsx
[2026-05-15 14:15:55] [ERROR] 转换横断面失败: Q4.csv
Exception: 模板文件不存在: E:\杂七杂八\trea项目\xiang\dist\断面数据处理系统\templates\横断面成果表模板.xlsx
[2026-05-15 14:15:55] [ERROR] 转换纵断面失败: Z1.csv
Exception: 模板文件不存在: E:\杂七杂八\trea项目\xiang\dist\断面数据处理系统\templates\纵断面模板.xlsx
[2026-05-15 14:15:55] [ERROR] 转换纵断面失败: Z2.csv
Exception: 模板文件不存在: E:\杂七杂八\trea项目\xiang\dist\断面数据处理系统\templates\纵断面模板.xlsx
